[?25l[?2004hTestDb ðŸ““
Entries - Edit

> Fake title #1
  Fake title #2
  Fake title #3

Press <C-c> to quit
[300D[2K[?2004l[?25h[?1002l[?1003l[?1006l