[?25l[?2004hTestDb ðŸ““

  Add Entry
> Edit Entry
  Settings

Press <C-c> to quit
[300D[2K[?2004l[?25h[?1002l[?1003l[?1006l